// Jest Snapshot v1, https://goo.gl/fbAQLP

exports[`<Footer /> should render the footer 1`] = `
.c0 {
  padding: 60px 0;
  text-align: center;
  width: 100%;
  background: #fafafa;
  border-top: 1px solid #e2e8f0;
}

.c0 h2 {
  font-size: 3.6rem;
}

<footer
  class="c0"
>
  <h2>
    © 
    2021
     - Caio Augusto
  </h2>
</footer>
`
